// Jest Snapshot v1, https://goo.gl/fbAQLP

exports[`renders properly 1`] = `
<View>
  <Text
    accessible={true}
    allowFontScaling={true}
    disabled={false}
    ellipsizeMode="tail"
    style={
      Object {
        "fontSize": 20,
        "textAlign": "center",
      }
    }
  >
     bpm
  </Text>
  <View
    style={
      Object {
        "alignItems": "center",
        "backgroundColor": "#f2f2f2",
        "height": 150,
        "justifyContent": "center",
        "marginLeft": 20,
        "marginRight": 20,
      }
    }
  >
    <Text
      accessible={true}
      allowFontScaling={true}
      disabled={false}
      ellipsizeMode="tail"
      style={
        Object {
          "textAlign": "center",
        }
      }
    >
      Tap heart rate at 
       to see the results here.
    </Text>
  </View>
</View>
`;
