// Jest Snapshot v1, https://goo.gl/fbAQLP

exports[`renders correctly 1`] = `
<View
  style={
    Object {
      "alignItems": "flex-start",
      "backgroundColor": "#fff",
      "flexDirection": "row",
      "height": 75,
      "justifyContent": "center",
      "marginTop": 25,
    }
  }
>
  <View
    accessibilityComponentType="button"
    accessibilityLabel={undefined}
    accessibilityTraits="button"
    accessible={true}
    collapsable={undefined}
    hitSlop={undefined}
    isTVSelectable={true}
    nativeID={undefined}
    onLayout={undefined}
    onResponderGrant={[Function]}
    onResponderMove={[Function]}
    onResponderRelease={[Function]}
    onResponderTerminate={[Function]}
    onResponderTerminationRequest={[Function]}
    onStartShouldSetResponder={[Function]}
    style={
      Object {
        "backgroundColor": "red",
        "borderRightColor": "white",
        "borderRightWidth": 2,
        "height": 50,
        "opacity": 1,
        "overflow": "hidden",
        "padding": 10,
      }
    }
    testID={undefined}
    tvParallaxProperties={undefined}
  >
    <Text
      accessible={true}
      allowFontScaling={true}
      disabled={false}
      ellipsizeMode="tail"
      style={
        Array [
          Object {
            "color": "#007aff",
            "fontSize": 17,
            "fontWeight": "500",
            "textAlign": "center",
          },
          null,
          Object {
            "color": "white",
            "fontSize": 20,
            "width": 200,
          },
          null,
        ]
      }
    >
      Tap Heart Rate
    </Text>
  </View>
  <View
    accessibilityComponentType="button"
    accessibilityLabel={undefined}
    accessibilityTraits="button"
    accessible={true}
    collapsable={undefined}
    hitSlop={undefined}
    isTVSelectable={true}
    nativeID={undefined}
    onLayout={undefined}
    onResponderGrant={[Function]}
    onResponderMove={[Function]}
    onResponderRelease={[Function]}
    onResponderTerminate={[Function]}
    onResponderTerminationRequest={[Function]}
    onStartShouldSetResponder={[Function]}
    style={
      Object {
        "backgroundColor": "red",
        "height": 50,
        "opacity": 1,
        "overflow": "hidden",
        "padding": 10,
      }
    }
    testID={undefined}
    tvParallaxProperties={undefined}
  >
    <Text
      accessible={true}
      allowFontScaling={true}
      disabled={false}
      ellipsizeMode="tail"
      style={
        Array [
          Object {
            "color": "#007aff",
            "fontSize": 17,
            "fontWeight": "500",
            "textAlign": "center",
          },
          null,
          Object {
            "color": "white",
            "fontSize": 20,
            "width": 200,
          },
          null,
        ]
      }
    >
      Learn How
    </Text>
  </View>
</View>
`;
